// Jest Snapshot v1, https://goo.gl/fbAQLP

exports[`Authorization screen correctly renders after relaunch 1`] = `
<section
  className="login"
>
  <div
    className="login__logo"
  >
    <img
      alt="Угадай мелодию"
      height="83"
      src="img/melody-logo.png"
      width="186"
    />
  </div>
  <h2
    className="login__title"
  >
    Вы настоящий меломан!
  </h2>
  <p
    className="login__total"
  >
    За 3 минуты и 25 секунд вы набрали 12 баллов (8 быстрых), совершив 3 ошибки
  </p>
  <p
    className="login__text"
  >
    Хотите сравнить свой результат с предыдущими попытками? Представьтесь!
  </p>
  <form
    action=""
    className="login__form js-login-form"
    onSubmit={[Function]}
  >
    <p
      className="login__field"
    >
      <label
        className="login__label"
        htmlFor="name"
      >
        Логин
      </label>
      <input
        className="login__input js-email-input"
        id="name"
        name="name"
        required={true}
        type="email"
      />
    </p>
    <p
      className="login__field"
    >
      <label
        className="login__label"
        htmlFor="password"
      >
        Пароль
      </label>
      <input
        className="login__input js-password-input"
        id="password"
        name="password"
        required={true}
        type="password"
      />
      <span
        className="login__error"
      >
        Неверный пароль
      </span>
    </p>
    <button
      className="login__button button"
      type="submit"
    >
      Войти
    </button>
  </form>
  <button
    className="replay"
    type="button"
  >
    Сыграть ещё раз
  </button>
</section>
`;
