// Jest Snapshot v1, https://goo.gl/fbAQLP

exports[`Timer correctly renders after relaunch 1`] = `
Array [
  <svg
    className="timer"
    viewBox="0 0 780 780"
    xmlns="http://www.w3.org/2000/svg"
  >
    <circle
      className="timer__line"
      cx="390"
      cy="390"
      r="370"
      style={
        Object {
          "filter": "url(#blur); transform: rotate(-90deg) scaleY(-1); transform-origin: center",
        }
      }
    />
  </svg>,
  <div
    className="timer__value"
    xmlns="http://www.w3.org/1999/xhtml"
  >
    <span
      className="timer__mins"
    >
      05
    </span>
    <span
      className="timer__dots"
    >
      :
    </span>
    <span
      className="timer__secs"
    >
      00
    </span>
  </div>,
]
`;
