// Jest Snapshot v1, https://goo.gl/fbAQLP

exports[`Replay button correctly renders after relaunch 1`] = `
<a
  className="replay"
  href="/"
  onClick={[Function]}
>
  1
</a>
`;
