// Jest Snapshot v1, https://goo.gl/fbAQLP

exports[`Genre question screen correctly renders after relaunch 1`] = `
<section
  className="game__screen"
>
  <h2
    className="game__title"
  >
    Выберите 
    
     треки
  </h2>
  <form
    className="game__tracks js-answer-form"
    onSubmit={[Function]}
  >
    <div
      className="track"
    >
      <div
        className="game__answer"
      >
        <input
          className="game__input visually-hidden"
          data-index={0}
          id="answer-0"
          name="answer"
          onChange={[MockFunction]}
          type="checkbox"
          value="answer-0"
        />
        <label
          className="game__check"
          htmlFor="answer-0"
        >
          Отметить
        </label>
      </div>
    </div>
    <button
      className="game__submit button"
      type="submit"
    >
      Ответить
    </button>
  </form>
</section>
`;
