// Jest Snapshot v1, https://goo.gl/fbAQLP

exports[`Audio player correctly renders after relaunch 1`] = `
Array [
  <button
    className="track__button track__button--play js-track-button"
    disabled={false}
    onClick={[MockFunction]}
    type="button"
  />,
  <div
    className="track__status"
  />,
]
`;
